./gradlew : WARNING: A restricted
 method in java.lang.System has b
een called
At line:1 char:1
+ ./gradlew assembleDebug 2> erro
rs.txt
+ ~~~~~~~~~~~~~~~~~~~~~~~~~~~~~~~
~~~~~~
    + CategoryInfo          : No 
   tSpecified: (WARNING: A rest  
  ...has been called:String) [   
 ], RemoteException
    + FullyQualifiedErrorId : Na 
   tiveCommandError
 
WARNING: java.lang.System::load h
as been called by net.rubygrapefr
uit.platform.internal.NativeLibra
ryLoader in an unnamed module (fi
le:/C:/Users/jay92/.gradle/wrappe
r/dists/gradle-8.13-bin/34ap19old
ls385r5fs6rspcrap/gradle-8.13/lib
/native-platform-0.22-milestone-2
8.jar)
WARNING: Use --enable-native-acce
ss=ALL-UNNAMED to avoid a warning
 for callers in this module
WARNING: Restricted methods will 
be blocked in a future release un
less native access is enabled

C:\Users\jay92\Documents\420 fina
l\ECE420_Final_Project\app\src\ma
in\java\com\ece420\lab4\MainActiv
ity.java:1795: error: illegal sta
rt of expression
    private void stopCurrentAudio
() {
    ^
1 error

FAILURE: Build failed with an exc
eption.

* What went wrong:
Execution failed for task ':app:c
ompileDebugJavaWithJavac'.
> Compilation failed; see the com
piler output below.
  C:\Users\jay92\Documents\420 fi
nal\ECE420_Final_Project\app\src\
main\java\com\ece420\lab4\MainAct
ivity.java:1795: error: illegal s
tart of expression
      private void stopCurrentAud
io() {
      ^
  1 error

* Try:
> Check your code and dependencie
s to fix the compilation error(s)
> Run with --scan to get full ins
ights.

BUILD FAILED in 621ms
